[2m14:57:04[22m [34m[content][39m Syncing content
[2m14:57:04[22m [34m[content][39m Synced content
[2m14:57:04[22m [34m[types][39m Generated [2m46ms[22m
[2m14:57:04[22m [34m[build][39m output: [34m"static"[39m
[2m14:57:04[22m [34m[build][39m mode: [34m"static"[39m
[2m14:57:04[22m [34m[build][39m directory: [34mC:\Users\hp\Desktop\KLM2026\ATUNSHE\dist\[39m
[2m14:57:04[22m [34m[build][39m Collecting build info...
[2m14:57:04[22m [34m[build][39m [32m✓ Completed in 58ms.[39m
[2m14:57:04[22m [34m[build][39m Building static entrypoints...
[2m14:57:05[22m [34m[vite][39m [32m✓ built in 941ms[39m
[2m14:57:05[22m [34m[build][39m [32m✓ Completed in 977ms.[39m

[42m[30m building client (vite) [39m[49m
[2m14:57:05[22m [34m[vite][39m transforming...
[2m14:57:06[22m [34m[vite][39m [32m✓[39m 6 modules transformed.
[2m14:57:06[22m [34m[vite][39m rendering chunks...
[2m14:57:06[22m [34m[vite][39m computing gzip size...
[2m14:57:06[22m [34m[vite][39m [2mdist/[22m[36m_astro/index.astro_astro_type_script_index_0_lang.r1ElUjKD.js     [39m[1m[2m 0.12 kB[22m[1m[22m[2m │ gzip: 0.12 kB[22m
[2m14:57:06[22m [34m[vite][39m [2mdist/[22m[36m_astro/auth.BWHN_q38.js                                           [39m[1m[2m 0.46 kB[22m[1m[22m[2m │ gzip: 0.29 kB[22m
[2m14:57:06[22m [34m[vite][39m [2mdist/[22m[36m_astro/index.astro_astro_type_script_index_0_lang.CUXN1X7l.js     [39m[1m[2m 2.19 kB[22m[1m[22m[2m │ gzip: 1.11 kB[22m
[2m14:57:06[22m [34m[vite][39m [2mdist/[22m[36m_astro/_screen_.astro_astro_type_script_index_0_lang.DeYxkbaX.js  [39m[1m[2m12.66 kB[22m[1m[22m[2m │ gzip: 3.38 kB[22m
[2m14:57:06[22m [34m[vite][39m [32m✓ built in 59ms[39m

[42m[30m generating static routes [39m[49m
[2m14:57:06[22m [32m▶[39m src/pages/app/[screen].astro
[2m14:57:06[22m   [34m├─[39m [2m/app/d8a6623a842a496bbf16bf99600850a8/index.html[22m [2m(+14ms)[22m 
[2m14:57:06[22m   [34m├─[39m [2m/app/9481a6a46d02433abd2803188d0302b3/index.html[22m [2m(+6ms)[22m 
[2m14:57:06[22m   [34m├─[39m [2m/app/71b0c766c450419f8e26bd66a59217f1/index.html[22m [2m(+4ms)[22m 
[2m14:57:06[22m   [34m├─[39m [2m/app/91169006f90043c8b2294443c4e8e3d8/index.html[22m [2m(+3ms)[22m 
[2m14:57:06[22m   [34m├─[39m [2m/app/97469ef903044ac6960144fb0520d6f2/index.html[22m [2m(+2ms)[22m 
[2m14:57:06[22m   [34m├─[39m [2m/app/e422fd8848394a658fc98a515a1290ce/index.html[22m [2m(+2ms)[22m 
[2m14:57:06[22m   [34m├─[39m [2m/app/e27a35c8c93843c78db8dfb77ef61791/index.html[22m [2m(+2ms)[22m 
[2m14:57:06[22m   [34m├─[39m [2m/app/394b2dde61bf4fa18e0753b8d2bcc126/index.html[22m [2m(+4ms)[22m 
[2m14:57:06[22m   [34m├─[39m [2m/app/fff9017b9438495abec4c34c57c703a7/index.html[22m [2m(+4ms)[22m 
[2m14:57:06[22m   [34m├─[39m [2m/app/16345503263987182624/index.html[22m [2m(+3ms)[22m 
[2m14:57:06[22m   [34m├─[39m [2m/app/9fa48db4ced94150b2bd8dffa41d5b7e/index.html[22m [2m(+2ms)[22m 
[2m14:57:06[22m   [34m├─[39m [2m/app/d5e6e3825759446e944f246359a4d5af/index.html[22m [2m(+2ms)[22m 
[2m14:57:06[22m   [34m├─[39m [2m/app/3a292d94b88542fd8736414b1c8a606d/index.html[22m [2m(+2ms)[22m 
[2m14:57:06[22m   [34m├─[39m [2m/app/09feab94ace446539d5f40ffe36953dc/index.html[22m [2m(+3ms)[22m 
[2m14:57:06[22m   [34m├─[39m [2m/app/314363691bc849a8ae985993bf9f0699/index.html[22m [2m(+3ms)[22m 
[2m14:57:06[22m   [34m├─[39m [2m/app/905502cc1f594ca38f18e47d72d756b0/index.html[22m [2m(+2ms)[22m 
[2m14:57:06[22m   [34m├─[39m [2m/app/183f23ec6f75464a9c2faeda0503d37d/index.html[22m [2m(+2ms)[22m 
[2m14:57:06[22m   [34m├─[39m [2m/app/8a08ff98e97849c0bbbec87d274f8c11/index.html[22m [2m(+1ms)[22m 
[2m14:57:06[22m   [34m├─[39m [2m/app/1d1267bc3996452383d6b8863a51dd4b/index.html[22m [2m(+2ms)[22m 
[2m14:57:06[22m   [34m├─[39m [2m/app/67ad91f6261140568a21c8cd0004b8a5/index.html[22m [2m(+2ms)[22m 
[2m14:57:06[22m   [34m├─[39m [2m/app/0b951f37fd9440d6894fbc9ead842be7/index.html[22m [2m(+2ms)[22m 
[2m14:57:06[22m   [34m├─[39m [2m/app/dd39dac8d8cd45b1bb872d4c6f002b45/index.html[22m [2m(+2ms)[22m 
[2m14:57:06[22m   [34m├─[39m [2m/app/a56a12a9319642b0ab5e9ff5422cd6d6/index.html[22m [2m(+2ms)[22m 
[2m14:57:06[22m   [34m├─[39m [2m/app/484bcbff1a75426cb9f6c1ee990f2e06/index.html[22m [2m(+2ms)[22m 
[2m14:57:06[22m   [34m├─[39m [2m/app/d4d3b919f44d4e9ebd561eb87467cb2a/index.html[22m [2m(+2ms)[22m 
[2m14:57:06[22m   [34m├─[39m [2m/app/60441f4dc76149d48815c63240f532c4/index.html[22m [2m(+2ms)[22m 
[2m14:57:06[22m   [34m├─[39m [2m/app/dc1c002c0e744293bcf945d878f5ac38/index.html[22m [2m(+2ms)[22m 
[2m14:57:06[22m   [34m├─[39m [2m/app/f741a3411575473c8bb1a3d6270e99ea/index.html[22m [2m(+2ms)[22m 
[2m14:57:06[22m   [34m├─[39m [2m/app/97ed0509d1c24603a5531136c0679ffe/index.html[22m [2m(+2ms)[22m 
[2m14:57:06[22m   [34m├─[39m [2m/app/b3276ab2e8af4153a8bec0f848a52fdb/index.html[22m [2m(+4ms)[22m 
[2m14:57:06[22m   [34m├─[39m [2m/app/f2ca85b8c8784b9497df1300fcf4d58d/index.html[22m [2m(+3ms)[22m 
[2m14:57:06[22m   [34m├─[39m [2m/app/e58bbb920f9a486a8d79cd3ddf9988db/index.html[22m [2m(+2ms)[22m 
[2m14:57:06[22m   [34m├─[39m [2m/app/27b1ecd9606045e6bfcd96f4a40f2adc/index.html[22m [2m(+2ms)[22m 
[2m14:57:06[22m   [34m├─[39m [2m/app/8fc4468431b04d16bca53c7c8dd2e8e1/index.html[22m [2m(+1ms)[22m 
[2m14:57:06[22m   [34m├─[39m [2m/app/6385604151e84278a4632a6449898196/index.html[22m [2m(+2ms)[22m 
[2m14:57:06[22m   [34m├─[39m [2m/app/5f2d26c64c184e5e8f0442ff8f504577/index.html[22m [2m(+2ms)[22m 
[2m14:57:06[22m   [34m├─[39m [2m/app/42e8550a2e904ff3a1e31adb23f33d17/index.html[22m [2m(+2ms)[22m 
[2m14:57:06[22m   [34m├─[39m [2m/app/4923272a4e8448de902e50a0c1533d1a/index.html[22m [2m(+3ms)[22m 
[2m14:57:06[22m   [34m├─[39m [2m/app/309b36bdb48a4844a821134124cf10e0/index.html[22m [2m(+3ms)[22m 
[2m14:57:06[22m   [34m├─[39m [2m/app/b5fc95af75ce474384e35a68b5170b0e/index.html[22m [2m(+2ms)[22m 
[2m14:57:06[22m   [34m├─[39m [2m/app/1374be56dab34eeba798ce895219f096/index.html[22m [2m(+2ms)[22m 
[2m14:57:06[22m   [34m├─[39m [2m/app/87d15124ef584ea7af359fa54240d135/index.html[22m [2m(+2ms)[22m 
[2m14:57:06[22m   [34m├─[39m [2m/app/3b7e9ce488d44e5084cc39e2e6ac5b8c/index.html[22m [2m(+2ms)[22m 
[2m14:57:06[22m   [34m├─[39m [2m/app/7125a1be4fa54323b4b731ea08ab9802/index.html[22m [2m(+2ms)[22m 
[2m14:57:06[22m   [34m├─[39m [2m/app/f99ba52ea60b4084889b8553cfe5844b/index.html[22m [2m(+2ms)[22m 
[2m14:57:06[22m   [34m├─[39m [2m/app/fe22f6b0e70e44e69c62b4c69019163d/index.html[22m [2m(+3ms)[22m 
[2m14:57:06[22m   [34m├─[39m [2m/app/4a98aee24a83424db3010d3076a5a42c/index.html[22m [2m(+3ms)[22m 
[2m14:57:06[22m   [34m├─[39m [2m/app/e1c47f5b53fb4efeb13cd44e5e82cbfa/index.html[22m [2m(+2ms)[22m 
[2m14:57:06[22m   [34m├─[39m [2m/app/eaeb377d6e70427195a93f5f7fae47f5/index.html[22m [2m(+2ms)[22m 
[2m14:57:06[22m   [34m├─[39m [2m/app/558961f431b547fc98f93483e85fde4e/index.html[22m [2m(+6ms)[22m 
[2m14:57:06[22m   [34m├─[39m [2m/app/6a461882d4cf436dacc76d18dd6eccac/index.html[22m [2m(+3ms)[22m 
[2m14:57:06[22m   [34m├─[39m [2m/app/f27cc87ed7ca43d0a3cc62640802bd0b/index.html[22m [2m(+2ms)[22m 
[2m14:57:06[22m   [34m├─[39m [2m/app/493e368b0526442999f0551c1668b307/index.html[22m [2m(+2ms)[22m 
[2m14:57:06[22m   [34m├─[39m [2m/app/359edf3923d342f09ebf9d2d796edd4f/index.html[22m [2m(+2ms)[22m 
[2m14:57:06[22m   [34m├─[39m [2m/app/79856b26f4d44e038b5946da0634fd70/index.html[22m [2m(+2ms)[22m 
[2m14:57:06[22m   [34m├─[39m [2m/app/37cb89d816f84a1eb47b7ef4de1f94b4/index.html[22m [2m(+2ms)[22m 
[2m14:57:06[22m   [34m├─[39m [2m/app/731b116d87c94962b03f9ac76114b23e/index.html[22m [2m(+2ms)[22m 
[2m14:57:06[22m   [34m├─[39m [2m/app/195393cff09b40cda52436ceced3d6dc/index.html[22m [2m(+2ms)[22m 
[2m14:57:06[22m   [34m└─[39m [2m/app/0d4a41e879aa43809bd4a989d5e4bdd2/index.html[22m [2m(+2ms)[22m 
[2m14:57:06[22m [32m▶[39m src/pages/app/index.astro
[2m14:57:06[22m   [34m└─[39m [2m/app/index.html[22m [2m(+2ms)[22m 
[2m14:57:06[22m [32m▶[39m src/pages/index.astro
[2m14:57:06[22m   [34m└─[39m [2m/index.html[22m [2m(+2ms)[22m 
[2m14:57:06[22m [32m✓ Completed in 175ms.
[39m
[2m14:57:06[22m [34m[build][39m 61 page(s) built in [1m1.34s[22m
[2m14:57:06[22m [34m[build][39m [1mComplete![22m
